--------- beginning of events
08-21 08:33:46.742 30717 30717 I wm_on_create_called: [248800747,com.termux.app.TermuxActivity,performCreate,49,0]
08-21 08:33:46.744 30717 30717 I wm_on_start_called: [248800747,com.termux.app.TermuxActivity,handleStartActivity,1]
08-21 08:33:46.753 30717 30717 I wm_on_resume_called: [248800747,com.termux.app.TermuxActivity,RESUME_ACTIVITY,4,0]
08-21 08:33:46.767 30717 30717 I wm_on_top_resumed_gained_called: [248800747,com.termux.app.TermuxActivity,topStateChangedWhenResumed,0]
08-21 08:33:46.854 30717 30717 I viewroot_draw_event: [VRI[TermuxActivity],reportDrawFinished seqId=0]
08-21 08:33:46.918 30717 30717 I auditd  : type=1400 audit(0.0:1457): avc:  granted  { execute } for  comm="com.termux" name="login" dev="dm-63" ino=487930 scontext=u:r:untrusted_app_27:s0:c215,c257,c512,c768 tcontext=u:object_r:app_data_file:s0:c215,c257,c512,c768 tclass=file app=com.termux.tasker
08-21 08:33:46.942  9570  9570 I auditd  : type=1400 audit(0.0:1458): avc:  granted  { execute } for  comm="com.termux" name="login" dev="dm-63" ino=487930 scontext=u:r:untrusted_app_27:s0:c215,c257,c512,c768 tcontext=u:object_r:app_data_file:s0:c215,c257,c512,c768 tclass=file app=com.termux.tasker
08-21 08:33:46.942  9570  9570 I auditd  : type=1400 audit(0.0:1459): avc:  granted  { execute_no_trans } for  comm="com.termux" path="/data/data/com.termux/files/usr/bin/login" dev="dm-63" ino=487930 scontext=u:r:untrusted_app_27:s0:c215,c257,c512,c768 tcontext=u:object_r:app_data_file:s0:c215,c257,c512,c768 tclass=file app=com.termux.tasker
08-21 08:33:46.942  9570  9570 I auditd  : type=1400 audit(0.0:1460): avc:  granted  { execute } for  comm="com.termux" name="dash" dev="dm-63" ino=512699 scontext=u:r:untrusted_app_27:s0:c215,c257,c512,c768 tcontext=u:object_r:app_data_file:s0:c215,c257,c512,c768 tclass=file app=com.termux.tasker
08-21 08:33:46.954  9570  9570 I auditd  : type=1400 audit(0.0:1461): avc:  granted  { execute } for  comm="login" path="/data/data/com.termux/files/usr/bin/dash" dev="dm-63" ino=512699 scontext=u:r:untrusted_app_27:s0:c215,c257,c512,c768 tcontext=u:object_r:app_data_file:s0:c215,c257,c512,c768 tclass=file app=com.termux.tasker
08-21 08:33:46.958  9570  9570 I auditd  : type=1400 audit(0.0:1462): avc:  denied  { search } for  comm="login" name="tests" dev="dm-63" ino=113 scontext=u:r:untrusted_app_27:s0:c215,c257,c512,c768 tcontext=u:object_r:shell_test_data_file:s0 tclass=dir permissive=0 app=com.termux.tasker
08-21 08:33:47.022 30717 30717 I viewroot_draw_event: [VRI[Toast],reportDrawFinished seqId=0]
08-21 08:33:47.063 30717 30717 I viewroot_draw_event: [VRI[Toast],reportDrawFinished seqId=0]
08-21 08:33:47.166 30717  9634 I jank_cuj_events_begin_request: [80,1755779627166034000,3529897338546,3529897338963,0@0@com.termux]
08-21 08:33:47.396 30717  9634 I jank_cuj_events_end_request: [80,1755779627396547000,3530127851619,3530127851723]
08-21 08:33:49.479 30717 30717 I viewroot_draw_event: [VRI[PopupWindow:5c41b2a],reportDrawFinished seqId=0]
08-21 08:33:49.483 30717 30717 I viewroot_draw_event: [VRI[PopupWindow:2203491],reportDrawFinished seqId=0]
08-21 08:33:49.499 30717 30717 I viewroot_draw_event: [VRI[PopupWindow:3493f43],reportDrawFinished seqId=0]
08-21 08:33:49.502 30717 30717 I viewroot_draw_event: [VRI[PopupWindow:5c41b2a],reportDrawFinished seqId=0]
08-21 08:33:49.513 30717 30717 I viewroot_draw_event: [VRI[PopupWindow:2203491],reportDrawFinished seqId=0]
08-21 08:33:49.973 30717 30717 I viewroot_draw_event: [VRI[PopupWindow:3493f43],reportDrawFinished seqId=0]
08-21 08:33:49.981 30717 30717 I viewroot_draw_event: [VRI[PopupWindow:3493f43],reportDrawFinished seqId=0]
08-21 08:34:01.522 30717 30717 I wm_on_top_resumed_lost_called: [248800747,com.termux.app.TermuxActivity,topStateChangedWhenResumed,0]
08-21 08:34:02.370 30717 30717 I wm_on_top_resumed_gained_called: [248800747,com.termux.app.TermuxActivity,topStateChangedWhenResumed,0]
08-21 08:34:04.290 30717 30717 I viewroot_draw_event: [VRI[PopupWindow:84661d6],reportDrawFinished seqId=0]
08-21 08:34:04.295 30717 30717 I viewroot_draw_event: [VRI[PopupWindow:61e7c2d],reportDrawFinished seqId=0]
08-21 08:34:04.310 30717 30717 I viewroot_draw_event: [VRI[PopupWindow:ca9b574],reportDrawFinished seqId=0]
08-21 08:34:04.321 30717 30717 I viewroot_draw_event: [VRI[PopupWindow:84661d6],reportDrawFinished seqId=0]
08-21 08:34:04.323 30717 30717 I viewroot_draw_event: [VRI[PopupWindow:61e7c2d],reportDrawFinished seqId=0]
08-21 08:34:04.836 30717 30717 I viewroot_draw_event: [VRI[PopupWindow:ca9b574],reportDrawFinished seqId=0]
08-21 08:34:04.844 30717 30717 I viewroot_draw_event: [VRI[PopupWindow:ca9b574],reportDrawFinished seqId=0]
08-21 08:34:07.554 30717 30717 I viewroot_draw_event: [VRI[PopupWindow:ca9b574],reportDrawFinished seqId=0]
08-21 08:34:07.562 30717 30717 I viewroot_draw_event: [VRI[PopupWindow:ca9b574],reportDrawFinished seqId=0]
08-21 08:34:11.391 30717 30717 I viewroot_draw_event: [VRI[PopupWindow:ca9b574],reportDrawFinished seqId=0]
08-21 08:34:11.399 30717 30717 I viewroot_draw_event: [VRI[PopupWindow:ca9b574],reportDrawFinished seqId=0]
08-21 08:34:13.418 30717 30717 I wm_on_top_resumed_lost_called: [248800747,com.termux.app.TermuxActivity,topStateChangedWhenResumed,0]
08-21 08:34:14.756 30717 30717 I wm_on_paused_called: [248800747,com.termux.app.TermuxActivity,performPause,0,0]
08-21 08:34:14.820 30717 30717 I viewroot_draw_event: [VRI[TermuxActivity],Not drawing due to not visible. Reason=!mAppVisible && !mForceDecorViewVisibility]
08-21 08:34:14.837 30717 30717 I wm_on_stop_called: [248800747,com.termux.app.TermuxActivity,STOP_ACTIVITY_ITEM,5]
08-21 08:35:12.099 30717 30717 I wm_on_restart_called: [248800747,com.termux.app.TermuxActivity,performRestart,0]
08-21 08:35:12.100 30717 30717 I wm_on_start_called: [248800747,com.termux.app.TermuxActivity,handleStartActivity,1]
08-21 08:35:12.102 30717 30717 I wm_on_resume_called: [248800747,com.termux.app.TermuxActivity,RESUME_ACTIVITY,2,0]
08-21 08:35:12.102 30717 30717 I wm_on_top_resumed_gained_called: [248800747,com.termux.app.TermuxActivity,topWhenResuming,0]
08-21 08:35:12.142 30717 30717 I viewroot_draw_event: [VRI[TermuxActivity],Start draw after previous draw not visible]
08-21 08:35:12.173 30717 30717 I viewroot_draw_event: [VRI[TermuxActivity],reportDrawFinished seqId=0]
08-21 08:35:16.200 30717 30717 I viewroot_draw_event: [VRI[PopupWindow:4040756],reportDrawFinished seqId=0]
08-21 08:35:16.205 30717 30717 I viewroot_draw_event: [VRI[PopupWindow:83e7fad],reportDrawFinished seqId=0]
08-21 08:35:16.218 30717 30717 I viewroot_draw_event: [VRI[PopupWindow:27cf6f4],reportDrawFinished seqId=0]
08-21 08:35:16.221 30717 30717 I viewroot_draw_event: [VRI[PopupWindow:4040756],reportDrawFinished seqId=0]
08-21 08:35:16.226 30717 30717 I viewroot_draw_event: [VRI[PopupWindow:83e7fad],reportDrawFinished seqId=0]
08-21 08:35:16.742 30717 30717 I viewroot_draw_event: [VRI[PopupWindow:27cf6f4],reportDrawFinished seqId=0]
08-21 08:35:16.750 30717 30717 I viewroot_draw_event: [VRI[PopupWindow:27cf6f4],reportDrawFinished seqId=0]
08-21 08:35:18.390 30717 30717 I viewroot_draw_event: [VRI[PopupWindow:8df63d8],reportDrawFinished seqId=0]
08-21 08:35:18.395 30717 30717 I viewroot_draw_event: [VRI[PopupWindow:ac05f97],reportDrawFinished seqId=0]
08-21 08:35:18.409 30717 30717 I viewroot_draw_event: [VRI[PopupWindow:d4514c6],reportDrawFinished seqId=0]
08-21 08:35:18.411 30717 30717 I viewroot_draw_event: [VRI[PopupWindow:8df63d8],reportDrawFinished seqId=0]
08-21 08:35:18.420 30717 30717 I viewroot_draw_event: [VRI[PopupWindow:ac05f97],reportDrawFinished seqId=0]
08-21 08:35:19.998 10708 10708 I auditd  : type=1400 audit(0.0:1556): avc:  granted  { execute } for  comm="bash" name="termux-setup-storage" dev="dm-63" ino=487792 scontext=u:r:untrusted_app_27:s0:c215,c257,c512,c768 tcontext=u:object_r:app_data_file:s0:c215,c257,c512,c768 tclass=file app=com.termux.tasker
08-21 08:35:20.002 10708 10708 I auditd  : type=1400 audit(0.0:1557): avc:  granted  { execute } for  comm="bash" name="bash" dev="dm-63" ino=490825 scontext=u:r:untrusted_app_27:s0:c215,c257,c512,c768 tcontext=u:object_r:app_data_file:s0:c215,c257,c512,c768 tclass=file app=com.termux.tasker
08-21 08:35:20.002 10708 10708 I auditd  : type=1400 audit(0.0:1558): avc:  granted  { execute_no_trans } for  comm="bash" path="/data/data/com.termux/files/usr/bin/bash" dev="dm-63" ino=490825 scontext=u:r:untrusted_app_27:s0:c215,c257,c512,c768 tcontext=u:object_r:app_data_file:s0:c215,c257,c512,c768 tclass=file app=com.termux.tasker
08-21 08:35:20.002 10708 10708 I auditd  : type=1400 audit(0.0:1559): avc:  granted  { execute } for  comm="bash" path="/data/data/com.termux/files/usr/bin/bash" dev="dm-63" ino=490825 scontext=u:r:untrusted_app_27:s0:c215,c257,c512,c768 tcontext=u:object_r:app_data_file:s0:c215,c257,c512,c768 tclass=file app=com.termux.tasker
08-21 08:35:20.002 10708 10708 I auditd  : type=1400 audit(0.0:1560): avc:  denied  { search } for  comm="bash" name="tests" dev="dm-63" ino=113 scontext=u:r:untrusted_app_27:s0:c215,c257,c512,c768 tcontext=u:object_r:shell_test_data_file:s0 tclass=dir permissive=0 app=com.termux.tasker
08-21 08:35:21.976 30717 30717 I wm_on_top_resumed_lost_called: [248800747,com.termux.app.TermuxActivity,topStateChangedWhenResumed,0]
08-21 08:35:21.977 30717 30717 I wm_on_paused_called: [248800747,com.termux.app.TermuxActivity,performPause,0,0]
08-21 08:35:22.005 30717 30717 I viewroot_draw_event: [VRI[Toast],reportDrawFinished seqId=0]
08-21 08:35:22.150 30717  9634 I jank_cuj_events_begin_request: [81,1755779722149682000,3624880986531,3624880986739,1@0@com.termux]
08-21 08:35:22.194 30717  9634 I jank_cuj_events_cancel_request: [81,1755779722194237000,3624925542468,3624925542989]
08-21 08:35:22.194 30717  9634 I jank_cuj_events_end_request: [81,1755779722194290000,3624925594187,3624925594291]
08-21 08:35:23.838 30717 30717 I wm_on_activity_result_called: [248800747,com.termux.app.TermuxActivity,ACTIVITY_RESULT]
08-21 08:35:23.839 30717 30717 I wm_on_resume_called: [248800747,com.termux.app.TermuxActivity,RESUME_ACTIVITY,1,0]
08-21 08:35:23.839 30717 30717 I wm_on_top_resumed_gained_called: [248800747,com.termux.app.TermuxActivity,topWhenResuming,0]
08-21 08:35:23.913 30717  9634 I jank_cuj_events_begin_request: [80,1755779723911869000,3626643173145,3626643173197,0@0@com.termux]
08-21 08:35:24.133 30717  9634 I jank_cuj_events_end_request: [80,1755779724133620000,3626864923874,3626864924030]
08-21 08:35:25.623 30717 30717 I wm_on_top_resumed_lost_called: [248800747,com.termux.app.TermuxActivity,topStateChangedWhenResumed,0]
08-21 08:35:26.287 30717 30717 I wm_on_paused_called: [248800747,com.termux.app.TermuxActivity,performPause,1,0]
08-21 08:35:26.530 30717 30717 I viewroot_draw_event: [VRI[TermuxActivity],Not drawing due to not visible. Reason=!mAppVisible && !mForceDecorViewVisibility]
08-21 08:35:26.536 30717 30717 I wm_on_stop_called: [248800747,com.termux.app.TermuxActivity,STOP_ACTIVITY_ITEM,1]
08-21 08:35:59.520 30717 30717 I wm_on_restart_called: [248800747,com.termux.app.TermuxActivity,performRestart,0]
08-21 08:35:59.521 30717 30717 I wm_on_start_called: [248800747,com.termux.app.TermuxActivity,handleStartActivity,2]
08-21 08:35:59.523 30717 30717 I wm_on_resume_called: [248800747,com.termux.app.TermuxActivity,RESUME_ACTIVITY,2,0]
08-21 08:35:59.523 30717 30717 I wm_on_top_resumed_gained_called: [248800747,com.termux.app.TermuxActivity,topWhenResuming,0]
08-21 08:35:59.542 30717 30717 I viewroot_draw_event: [VRI[TermuxActivity],Start draw after previous draw not visible]
08-21 08:35:59.571 30717 30717 I viewroot_draw_event: [VRI[TermuxActivity],reportDrawFinished seqId=0]
08-21 08:36:01.058 30717 30717 I viewroot_draw_event: [VRI[PopupWindow:73ef07a],reportDrawFinished seqId=0]
08-21 08:36:01.063 30717 30717 I viewroot_draw_event: [VRI[PopupWindow:aafc621],reportDrawFinished seqId=0]
08-21 08:36:01.078 30717 30717 I viewroot_draw_event: [VRI[PopupWindow:a41b7b8],reportDrawFinished seqId=0]
08-21 08:36:01.080 30717 30717 I viewroot_draw_event: [VRI[PopupWindow:73ef07a],reportDrawFinished seqId=0]
08-21 08:36:01.090 30717 30717 I viewroot_draw_event: [VRI[PopupWindow:aafc621],reportDrawFinished seqId=0]
08-21 08:36:01.605 30717 30717 I viewroot_draw_event: [VRI[PopupWindow:a41b7b8],reportDrawFinished seqId=0]
08-21 08:36:01.613 30717 30717 I viewroot_draw_event: [VRI[PopupWindow:a41b7b8],reportDrawFinished seqId=0]
08-21 08:36:03.406 11268 11268 I auditd  : type=1400 audit(0.0:1621): avc:  granted  { execute } for  comm="bash" name="command-not-found" dev="dm-63" ino=477742 scontext=u:r:untrusted_app_27:s0:c215,c257,c512,c768 tcontext=u:object_r:app_data_file:s0:c215,c257,c512,c768 tclass=file app=com.termux.tasker
08-21 08:36:03.410 11268 11268 I auditd  : type=1400 audit(0.0:1622): avc:  granted  { execute } for  comm="bash" name="command-not-found" dev="dm-63" ino=477742 scontext=u:r:untrusted_app_27:s0:c215,c257,c512,c768 tcontext=u:object_r:app_data_file:s0:c215,c257,c512,c768 tclass=file app=com.termux.tasker
08-21 08:36:03.410 11268 11268 I auditd  : type=1400 audit(0.0:1623): avc:  granted  { execute_no_trans } for  comm="bash" path="/data/data/com.termux/files/usr/libexec/termux/command-not-found" dev="dm-63" ino=477742 scontext=u:r:untrusted_app_27:s0:c215,c257,c512,c768 tcontext=u:object_r:app_data_file:s0:c215,c257,c512,c768 tclass=file app=com.termux.tasker
08-21 08:36:03.410 11268 11268 I auditd  : type=1400 audit(0.0:1624): avc:  granted  { execute } for  comm="command-not-fou" path="/data/data/com.termux/files/usr/libexec/termux/command-not-found" dev="dm-63" ino=477742 scontext=u:r:untrusted_app_27:s0:c215,c257,c512,c768 tcontext=u:object_r:app_data_file:s0:c215,c257,c512,c768 tclass=file app=com.termux.tasker
08-21 08:36:03.414 11268 11268 I auditd  : type=1400 audit(0.0:1625): avc:  denied  { search } for  comm="command-not-fou" name="tests" dev="dm-63" ino=113 scontext=u:r:untrusted_app_27:s0:c215,c257,c512,c768 tcontext=u:object_r:shell_test_data_file:s0 tclass=dir permissive=0 app=com.termux.tasker
08-21 08:36:15.478 11286 11286 I auditd  : type=1400 audit(0.0:1631): avc:  granted  { execute } for  comm="bash" name="command-not-found" dev="dm-63" ino=477742 scontext=u:r:untrusted_app_27:s0:c215,c257,c512,c768 tcontext=u:object_r:app_data_file:s0:c215,c257,c512,c768 tclass=file app=com.termux.tasker
08-21 08:36:15.478 11286 11286 I auditd  : type=1400 audit(0.0:1632): avc:  granted  { execute } for  comm="bash" name="command-not-found" dev="dm-63" ino=477742 scontext=u:r:untrusted_app_27:s0:c215,c257,c512,c768 tcontext=u:object_r:app_data_file:s0:c215,c257,c512,c768 tclass=file app=com.termux.tasker
08-21 08:36:15.478 11286 11286 I auditd  : type=1400 audit(0.0:1633): avc:  granted  { execute_no_trans } for  comm="bash" path="/data/data/com.termux/files/usr/libexec/termux/command-not-found" dev="dm-63" ino=477742 scontext=u:r:untrusted_app_27:s0:c215,c257,c512,c768 tcontext=u:object_r:app_data_file:s0:c215,c257,c512,c768 tclass=file app=com.termux.tasker
08-21 08:36:15.478 11286 11286 I auditd  : type=1400 audit(0.0:1634): avc:  granted  { execute } for  comm="command-not-fou" path="/data/data/com.termux/files/usr/libexec/termux/command-not-found" dev="dm-63" ino=477742 scontext=u:r:untrusted_app_27:s0:c215,c257,c512,c768 tcontext=u:object_r:app_data_file:s0:c215,c257,c512,c768 tclass=file app=com.termux.tasker
08-21 08:36:15.478 11286 11286 I auditd  : type=1400 audit(0.0:1635): avc:  denied  { search } for  comm="command-not-fou" name="tests" dev="dm-63" ino=113 scontext=u:r:untrusted_app_27:s0:c215,c257,c512,c768 tcontext=u:object_r:shell_test_data_file:s0 tclass=dir permissive=0 app=com.termux.tasker
08-21 08:36:39.360 30717 30717 I viewroot_draw_event: [VRI[PopupWindow:9739148],reportDrawFinished seqId=0]
08-21 08:36:39.365 30717 30717 I viewroot_draw_event: [VRI[PopupWindow:492bfc7],reportDrawFinished seqId=0]
08-21 08:36:39.382 30717 30717 I viewroot_draw_event: [VRI[PopupWindow:b7fb3b6],reportDrawFinished seqId=0]
08-21 08:36:39.385 30717 30717 I viewroot_draw_event: [VRI[PopupWindow:9739148],reportDrawFinished seqId=0]
08-21 08:36:39.388 30717 30717 I viewroot_draw_event: [VRI[PopupWindow:492bfc7],reportDrawFinished seqId=0]
08-21 08:36:39.958 30717 30717 I viewroot_draw_event: [VRI[PopupWindow:b7fb3b6],reportDrawFinished seqId=0]
08-21 08:36:39.966 30717 30717 I viewroot_draw_event: [VRI[PopupWindow:b7fb3b6],reportDrawFinished seqId=0]
08-21 08:36:41.474 30717 30717 I viewroot_draw_event: [VRI[PopupWindow:b7fb3b6],reportDrawFinished seqId=0]
08-21 08:36:41.481 30717 30717 I viewroot_draw_event: [VRI[PopupWindow:b7fb3b6],reportDrawFinished seqId=0]
08-21 08:36:44.136 30717 30717 I viewroot_draw_event: [VRI[PopupWindow:b7fb3b6],reportDrawFinished seqId=0]
08-21 08:36:44.143 30717 30717 I viewroot_draw_event: [VRI[PopupWindow:b7fb3b6],reportDrawFinished seqId=0]
08-21 08:36:45.899 30717 30717 I wm_on_top_resumed_lost_called: [248800747,com.termux.app.TermuxActivity,topStateChangedWhenResumed,0]
08-21 08:36:46.601 30717 30717 I wm_on_paused_called: [248800747,com.termux.app.TermuxActivity,performPause,0,0]
08-21 08:36:46.895 30717 30717 I viewroot_draw_event: [VRI[TermuxActivity],Not drawing due to not visible. Reason=!mAppVisible && !mForceDecorViewVisibility]
08-21 08:36:46.900 30717 30717 I wm_on_stop_called: [248800747,com.termux.app.TermuxActivity,STOP_ACTIVITY_ITEM,2]
08-21 08:36:47.067 30717  9634 I jank_cuj_events_begin_request: [81,1755779807066924000,3709798228373,3709798228738,1@0@com.termux]
08-21 08:36:47.087 30717  9634 I jank_cuj_events_cancel_request: [81,1755779807086616000,3709817923061,3709817923321]
08-21 08:36:47.087 30717  9634 I jank_cuj_events_end_request: [81,1755779807086699000,3709818003426,3709818003634]
08-21 08:37:46.148 30717 30717 I wm_on_restart_called: [248800747,com.termux.app.TermuxActivity,performRestart,0]
08-21 08:37:46.149 30717 30717 I wm_on_start_called: [248800747,com.termux.app.TermuxActivity,handleStartActivity,1]
08-21 08:37:46.151 30717 30717 I wm_on_resume_called: [248800747,com.termux.app.TermuxActivity,RESUME_ACTIVITY,2,0]
08-21 08:37:46.152 30717 30717 I wm_on_top_resumed_gained_called: [248800747,com.termux.app.TermuxActivity,topWhenResuming,0]
08-21 08:37:46.172 30717 30717 I viewroot_draw_event: [VRI[TermuxActivity],Start draw after previous draw not visible]
08-21 08:37:46.195 30717 30717 I viewroot_draw_event: [VRI[TermuxActivity],reportDrawFinished seqId=0]
08-21 08:38:21.174 30717 30717 I wm_on_top_resumed_lost_called: [248800747,com.termux.app.TermuxActivity,topStateChangedWhenResumed,0]
08-21 08:38:21.877 30717 30717 I wm_on_paused_called: [248800747,com.termux.app.TermuxActivity,performPause,1,0]
08-21 08:38:22.098 30717 30717 I viewroot_draw_event: [VRI[TermuxActivity],Not drawing due to not visible. Reason=!mAppVisible && !mForceDecorViewVisibility]
08-21 08:38:22.102 30717 30717 I wm_on_stop_called: [248800747,com.termux.app.TermuxActivity,STOP_ACTIVITY_ITEM,1]
08-21 08:39:07.282 30717 30717 I wm_on_restart_called: [248800747,com.termux.app.TermuxActivity,performRestart,0]
08-21 08:39:07.283 30717 30717 I wm_on_start_called: [248800747,com.termux.app.TermuxActivity,handleStartActivity,1]
08-21 08:39:07.285 30717 30717 I wm_on_resume_called: [248800747,com.termux.app.TermuxActivity,RESUME_ACTIVITY,2,0]
08-21 08:39:07.285 30717 30717 I wm_on_top_resumed_gained_called: [248800747,com.termux.app.TermuxActivity,topWhenResuming,0]
08-21 08:39:07.332 30717 30717 I viewroot_draw_event: [VRI[TermuxActivity],Start draw after previous draw not visible]
08-21 08:39:07.353 30717 30717 I viewroot_draw_event: [VRI[TermuxActivity],reportDrawFinished seqId=0]
08-21 08:39:09.699 30717 30717 I viewroot_draw_event: [VRI[PopupWindow:c06e1be],reportDrawFinished seqId=0]
08-21 08:39:09.704 30717 30717 I viewroot_draw_event: [VRI[PopupWindow:f6f4b35],reportDrawFinished seqId=0]
08-21 08:39:09.718 30717 30717 I viewroot_draw_event: [VRI[PopupWindow:321959c],reportDrawFinished seqId=0]
08-21 08:39:09.721 30717 30717 I viewroot_draw_event: [VRI[PopupWindow:c06e1be],reportDrawFinished seqId=0]
08-21 08:39:09.731 30717 30717 I viewroot_draw_event: [VRI[PopupWindow:f6f4b35],reportDrawFinished seqId=0]
08-21 08:39:10.225 30717 30717 I viewroot_draw_event: [VRI[PopupWindow:321959c],reportDrawFinished seqId=0]
08-21 08:39:10.232 30717 30717 I viewroot_draw_event: [VRI[PopupWindow:321959c],reportDrawFinished seqId=0]
08-21 08:39:11.846 12918 12918 I auditd  : type=1400 audit(0.0:1641): avc:  granted  { execute } for  comm="bash" name="logcat" dev="dm-63" ino=487999 scontext=u:r:untrusted_app_27:s0:c215,c257,c512,c768 tcontext=u:object_r:app_data_file:s0:c215,c257,c512,c768 tclass=file app=com.termux.tasker
08-21 08:39:11.850 12918 12918 I auditd  : type=1400 audit(0.0:1642): avc:  granted  { execute } for  comm="bash" name="dash" dev="dm-63" ino=512699 scontext=u:r:untrusted_app_27:s0:c215,c257,c512,c768 tcontext=u:object_r:app_data_file:s0:c215,c257,c512,c768 tclass=file app=com.termux.tasker
08-21 08:39:11.850 12918 12918 I auditd  : type=1400 audit(0.0:1643): avc:  granted  { execute_no_trans } for  comm="bash" path="/data/data/com.termux/files/usr/bin/dash" dev="dm-63" ino=512699 scontext=u:r:untrusted_app_27:s0:c215,c257,c512,c768 tcontext=u:object_r:app_data_file:s0:c215,c257,c512,c768 tclass=file app=com.termux.tasker
08-21 08:39:11.850 12918 12918 I auditd  : type=1400 audit(0.0:1644): avc:  granted  { execute } for  comm="sh" path="/data/data/com.termux/files/usr/bin/dash" dev="dm-63" ino=512699 scontext=u:r:untrusted_app_27:s0:c215,c257,c512,c768 tcontext=u:object_r:app_data_file:s0:c215,c257,c512,c768 tclass=file app=com.termux.tasker
08-21 08:39:11.850 12918 12918 I auditd  : type=1400 audit(0.0:1645): avc:  denied  { search } for  comm="sh" name="tests" dev="dm-63" ino=113 scontext=u:r:untrusted_app_27:s0:c215,c257,c512,c768 tcontext=u:object_r:shell_test_data_file:s0 tclass=dir permissive=0 app=com.termux.tasker
08-21 08:39:18.368 30717 30717 I wm_on_top_resumed_lost_called: [248800747,com.termux.app.TermuxActivity,topStateChangedWhenResumed,0]
08-21 08:39:18.924 30717 30717 I wm_on_paused_called: [248800747,com.termux.app.TermuxActivity,performPause,0,0]
08-21 08:39:19.175 30717 30717 I viewroot_draw_event: [VRI[TermuxActivity],Not drawing due to not visible. Reason=!mAppVisible && !mForceDecorViewVisibility]
08-21 08:39:19.179 30717 30717 I wm_on_stop_called: [248800747,com.termux.app.TermuxActivity,STOP_ACTIVITY_ITEM,1]
08-21 08:39:32.701 30717 30717 I wm_on_restart_called: [248800747,com.termux.app.TermuxActivity,performRestart,0]
08-21 08:39:32.706 30717 30717 I wm_on_start_called: [248800747,com.termux.app.TermuxActivity,handleStartActivity,4]
08-21 08:39:32.707 30717 30717 I wm_on_resume_called: [248800747,com.termux.app.TermuxActivity,RESUME_ACTIVITY,1,0]
08-21 08:39:32.707 30717 30717 I wm_on_top_resumed_gained_called: [248800747,com.termux.app.TermuxActivity,topWhenResuming,0]
08-21 08:39:32.729 30717 30717 I viewroot_draw_event: [VRI[TermuxActivity],Start draw after previous draw not visible]
08-21 08:39:32.757 30717 30717 I viewroot_draw_event: [VRI[TermuxActivity],reportDrawFinished seqId=0]
08-21 08:39:45.817 30717 30717 I wm_on_top_resumed_lost_called: [248800747,com.termux.app.TermuxActivity,topStateChangedWhenResumed,0]
08-21 08:39:46.528 30717 30717 I wm_on_paused_called: [248800747,com.termux.app.TermuxActivity,performPause,1,0]
08-21 08:39:46.785 30717 30717 I viewroot_draw_event: [VRI[TermuxActivity],Not drawing due to not visible. Reason=!mAppVisible && !mForceDecorViewVisibility]
08-21 08:39:46.793 30717 30717 I wm_on_stop_called: [248800747,com.termux.app.TermuxActivity,STOP_ACTIVITY_ITEM,5]
08-21 08:39:51.574 30717 30717 I wm_on_restart_called: [248800747,com.termux.app.TermuxActivity,performRestart,0]
08-21 08:39:51.575 30717 30717 I wm_on_start_called: [248800747,com.termux.app.TermuxActivity,handleStartActivity,2]
08-21 08:39:51.577 30717 30717 I wm_on_resume_called: [248800747,com.termux.app.TermuxActivity,RESUME_ACTIVITY,2,0]
08-21 08:39:51.577 30717 30717 I wm_on_top_resumed_gained_called: [248800747,com.termux.app.TermuxActivity,topWhenResuming,0]
08-21 08:39:51.596 30717 30717 I viewroot_draw_event: [VRI[TermuxActivity],Start draw after previous draw not visible]
08-21 08:39:51.616 30717 30717 I viewroot_draw_event: [VRI[TermuxActivity],reportDrawFinished seqId=0]
08-21 08:39:53.466 30717 30717 I viewroot_draw_event: [VRI[PopupWindow:27f6ad9],reportDrawFinished seqId=0]
08-21 08:39:53.470 30717 30717 I viewroot_draw_event: [VRI[PopupWindow:27f6ad9],reportDrawFinished seqId=0]
08-21 08:39:53.963 30717 30717 I viewroot_draw_event: [VRI[PopupWindow:27f6ad9],reportDrawFinished seqId=0]
08-21 08:39:53.971 30717 30717 I viewroot_draw_event: [VRI[PopupWindow:27f6ad9],reportDrawFinished seqId=0]
08-21 08:39:55.942 13301 13301 I auditd  : type=1400 audit(0.0:1650): avc:  granted  { execute } for  comm="bash" name="coreutils" dev="dm-63" ino=150983 scontext=u:r:untrusted_app_27:s0:c215,c257,c512,c768 tcontext=u:object_r:app_data_file:s0:c215,c257,c512,c768 tclass=file app=com.termux.tasker
08-21 08:39:55.942 13301 13301 I auditd  : type=1400 audit(0.0:1651): avc:  granted  { execute } for  comm="bash" name="coreutils" dev="dm-63" ino=150983 scontext=u:r:untrusted_app_27:s0:c215,c257,c512,c768 tcontext=u:object_r:app_data_file:s0:c215,c257,c512,c768 tclass=file app=com.termux.tasker
08-21 08:39:55.942 13301 13301 I auditd  : type=1400 audit(0.0:1652): avc:  granted  { execute_no_trans } for  comm="bash" path="/data/data/com.termux/files/usr/bin/coreutils" dev="dm-63" ino=150983 scontext=u:r:untrusted_app_27:s0:c215,c257,c512,c768 tcontext=u:object_r:app_data_file:s0:c215,c257,c512,c768 tclass=file app=com.termux.tasker
08-21 08:39:55.942 13301 13301 I auditd  : type=1400 audit(0.0:1653): avc:  granted  { execute } for  comm="mv" path="/data/data/com.termux/files/usr/bin/coreutils" dev="dm-63" ino=150983 scontext=u:r:untrusted_app_27:s0:c215,c257,c512,c768 tcontext=u:object_r:app_data_file:s0:c215,c257,c512,c768 tclass=file app=com.termux.tasker
08-21 08:39:55.946 13301 13301 I auditd  : type=1400 audit(0.0:1654): avc:  denied  { search } for  comm="mv" name="tests" dev="dm-63" ino=113 scontext=u:r:untrusted_app_27:s0:c215,c257,c512,c768 tcontext=u:object_r:shell_test_data_file:s0 tclass=dir permissive=0 app=com.termux.tasker
08-21 08:40:02.353 30717 30717 I wm_on_top_resumed_lost_called: [248800747,com.termux.app.TermuxActivity,topStateChangedWhenResumed,0]
08-21 08:40:02.855 30717 30717 I wm_on_paused_called: [248800747,com.termux.app.TermuxActivity,performPause,0,0]
08-21 08:40:03.097 30717 30717 I viewroot_draw_event: [VRI[TermuxActivity],Not drawing due to not visible. Reason=!mAppVisible && !mForceDecorViewVisibility]
08-21 08:40:03.107 30717 30717 I wm_on_stop_called: [248800747,com.termux.app.TermuxActivity,STOP_ACTIVITY_ITEM,5]
08-21 08:40:18.047 30717 30717 I wm_on_restart_called: [248800747,com.termux.app.TermuxActivity,performRestart,0]
08-21 08:40:18.048 30717 30717 I wm_on_start_called: [248800747,com.termux.app.TermuxActivity,handleStartActivity,0]
08-21 08:40:18.051 30717 30717 I wm_on_resume_called: [248800747,com.termux.app.TermuxActivity,RESUME_ACTIVITY,2,0]
08-21 08:40:18.051 30717 30717 I wm_on_top_resumed_gained_called: [248800747,com.termux.app.TermuxActivity,topWhenResuming,0]
08-21 08:40:18.069 30717 30717 I viewroot_draw_event: [VRI[TermuxActivity],Start draw after previous draw not visible]
08-21 08:40:18.092 30717 30717 I viewroot_draw_event: [VRI[TermuxActivity],reportDrawFinished seqId=0]
08-21 08:40:19.610 30717 30717 I viewroot_draw_event: [VRI[PopupWindow:4c7475e],reportDrawFinished seqId=0]
08-21 08:40:19.615 30717 30717 I viewroot_draw_event: [VRI[PopupWindow:938a555],reportDrawFinished seqId=0]
08-21 08:40:19.630 30717 30717 I viewroot_draw_event: [VRI[PopupWindow:9166c3c],reportDrawFinished seqId=0]
08-21 08:40:19.632 30717 30717 I viewroot_draw_event: [VRI[PopupWindow:4c7475e],reportDrawFinished seqId=0]
08-21 08:40:19.637 30717 30717 I viewroot_draw_event: [VRI[PopupWindow:938a555],reportDrawFinished seqId=0]
08-21 08:40:20.109 30717 30717 I viewroot_draw_event: [VRI[PopupWindow:9166c3c],reportDrawFinished seqId=0]
08-21 08:40:20.117 30717 30717 I viewroot_draw_event: [VRI[PopupWindow:9166c3c],reportDrawFinished seqId=0]
08-21 08:40:21.298 13553 13553 I auditd  : type=1400 audit(0.0:1665): avc:  granted  { execute } for  comm="bash" name="command-not-found" dev="dm-63" ino=477742 scontext=u:r:untrusted_app_27:s0:c215,c257,c512,c768 tcontext=u:object_r:app_data_file:s0:c215,c257,c512,c768 tclass=file app=com.termux.tasker
08-21 08:40:21.298 13553 13553 I auditd  : type=1400 audit(0.0:1666): avc:  granted  { execute } for  comm="bash" name="command-not-found" dev="dm-63" ino=477742 scontext=u:r:untrusted_app_27:s0:c215,c257,c512,c768 tcontext=u:object_r:app_data_file:s0:c215,c257,c512,c768 tclass=file app=com.termux.tasker
08-21 08:40:21.298 13553 13553 I auditd  : type=1400 audit(0.0:1667): avc:  granted  { execute_no_trans } for  comm="bash" path="/data/data/com.termux/files/usr/libexec/termux/command-not-found" dev="dm-63" ino=477742 scontext=u:r:untrusted_app_27:s0:c215,c257,c512,c768 tcontext=u:object_r:app_data_file:s0:c215,c257,c512,c768 tclass=file app=com.termux.tasker
08-21 08:40:21.298 13553 13553 I auditd  : type=1400 audit(0.0:1668): avc:  granted  { execute } for  comm="command-not-fou" path="/data/data/com.termux/files/usr/libexec/termux/command-not-found" dev="dm-63" ino=477742 scontext=u:r:untrusted_app_27:s0:c215,c257,c512,c768 tcontext=u:object_r:app_data_file:s0:c215,c257,c512,c768 tclass=file app=com.termux.tasker
08-21 08:40:21.298 13553 13553 I auditd  : type=1400 audit(0.0:1669): avc:  denied  { search } for  comm="command-not-fou" name="tests" dev="dm-63" ino=113 scontext=u:r:untrusted_app_27:s0:c215,c257,c512,c768 tcontext=u:object_r:shell_test_data_file:s0 tclass=dir permissive=0 app=com.termux.tasker
08-21 08:40:29.988 30717 30717 I wm_on_top_resumed_lost_called: [248800747,com.termux.app.TermuxActivity,topStateChangedWhenResumed,0]
08-21 08:40:30.590 30717 30717 I wm_on_paused_called: [248800747,com.termux.app.TermuxActivity,performPause,1,0]
08-21 08:40:30.823 30717 30717 I viewroot_draw_event: [VRI[TermuxActivity],Not drawing due to not visible. Reason=!mAppVisible && !mForceDecorViewVisibility]
08-21 08:40:30.833 30717 30717 I wm_on_stop_called: [248800747,com.termux.app.TermuxActivity,STOP_ACTIVITY_ITEM,4]
08-21 08:40:30.920 30717  9634 I jank_cuj_events_begin_request: [81,1755780030920562000,3933651866413,3933651866778,1@0@com.termux]
08-21 08:40:30.941 30717  9634 I jank_cuj_events_cancel_request: [81,1755780030941053000,3933672358236,3933672358340]
08-21 08:40:30.941 30717  9634 I jank_cuj_events_end_request: [81,1755780030941115000,3933672419017,3933672419173]
08-21 08:40:48.985 30717 30717 I wm_on_restart_called: [248800747,com.termux.app.TermuxActivity,performRestart,0]
08-21 08:40:48.986 30717 30717 I wm_on_start_called: [248800747,com.termux.app.TermuxActivity,handleStartActivity,1]
08-21 08:40:48.988 30717 30717 I wm_on_resume_called: [248800747,com.termux.app.TermuxActivity,RESUME_ACTIVITY,2,0]
08-21 08:40:48.988 30717 30717 I wm_on_top_resumed_gained_called: [248800747,com.termux.app.TermuxActivity,topWhenResuming,0]
08-21 08:40:49.016 30717 30717 I viewroot_draw_event: [VRI[TermuxActivity],Start draw after previous draw not visible]
08-21 08:40:49.048 30717 30717 I viewroot_draw_event: [VRI[TermuxActivity],reportDrawFinished seqId=0]
08-21 08:40:50.408 30717 30717 I viewroot_draw_event: [VRI[PopupWindow:f4c9818],reportDrawFinished seqId=0]
08-21 08:40:50.415 30717 30717 I viewroot_draw_event: [VRI[PopupWindow:b9550d7],reportDrawFinished seqId=0]
08-21 08:40:50.430 30717 30717 I viewroot_draw_event: [VRI[PopupWindow:e361306],reportDrawFinished seqId=0]
08-21 08:40:50.433 30717 30717 I viewroot_draw_event: [VRI[PopupWindow:f4c9818],reportDrawFinished seqId=0]
08-21 08:40:50.436 30717 30717 I viewroot_draw_event: [VRI[PopupWindow:b9550d7],reportDrawFinished seqId=0]
08-21 08:40:50.916 30717 30717 I viewroot_draw_event: [VRI[PopupWindow:e361306],reportDrawFinished seqId=0]
08-21 08:40:50.924 30717 30717 I viewroot_draw_event: [VRI[PopupWindow:e361306],reportDrawFinished seqId=0]
08-21 08:40:52.322 13934 13934 I auditd  : type=1400 audit(0.0:1675): avc:  granted  { execute } for  comm="bash" name="logcat" dev="dm-63" ino=487999 scontext=u:r:untrusted_app_27:s0:c215,c257,c512,c768 tcontext=u:object_r:app_data_file:s0:c215,c257,c512,c768 tclass=file app=com.termux.tasker
08-21 08:40:52.322 13934 13934 I auditd  : type=1400 audit(0.0:1676): avc:  granted  { execute } for  comm="bash" name="dash" dev="dm-63" ino=512699 scontext=u:r:untrusted_app_27:s0:c215,c257,c512,c768 tcontext=u:object_r:app_data_file:s0:c215,c257,c512,c768 tclass=file app=com.termux.tasker
08-21 08:40:52.322 13934 13934 I auditd  : type=1400 audit(0.0:1677): avc:  granted  { execute_no_trans } for  comm="bash" path="/data/data/com.termux/files/usr/bin/dash" dev="dm-63" ino=512699 scontext=u:r:untrusted_app_27:s0:c215,c257,c512,c768 tcontext=u:object_r:app_data_file:s0:c215,c257,c512,c768 tclass=file app=com.termux.tasker
08-21 08:40:52.322 13934 13934 I auditd  : type=1400 audit(0.0:1678): avc:  granted  { execute } for  comm="sh" path="/data/data/com.termux/files/usr/bin/dash" dev="dm-63" ino=512699 scontext=u:r:untrusted_app_27:s0:c215,c257,c512,c768 tcontext=u:object_r:app_data_file:s0:c215,c257,c512,c768 tclass=file app=com.termux.tasker
08-21 08:40:52.326 13934 13934 I auditd  : type=1400 audit(0.0:1679): avc:  denied  { search } for  comm="sh" name="tests" dev="dm-63" ino=113 scontext=u:r:untrusted_app_27:s0:c215,c257,c512,c768 tcontext=u:object_r:shell_test_data_file:s0 tclass=dir permissive=0 app=com.termux.tasker
08-21 08:40:59.747 30717 30717 I wm_on_top_resumed_lost_called: [248800747,com.termux.app.TermuxActivity,topStateChangedWhenResumed,0]
08-21 08:41:00.298 30717 30717 I wm_on_paused_called: [248800747,com.termux.app.TermuxActivity,performPause,1,0]
08-21 08:41:00.542 30717 30717 I viewroot_draw_event: [VRI[TermuxActivity],Not drawing due to not visible. Reason=!mAppVisible && !mForceDecorViewVisibility]
08-21 08:41:00.553 30717 30717 I wm_on_stop_called: [248800747,com.termux.app.TermuxActivity,STOP_ACTIVITY_ITEM,11]
08-21 08:41:00.566 30717  9634 I jank_cuj_events_begin_request: [81,1755780060565775000,3963297078693,3963297078954,1@0@com.termux]
08-21 08:41:00.582 30717  9634 I jank_cuj_events_cancel_request: [81,1755780060580611000,3963311915360,3963311915516]
08-21 08:41:00.582 30717  9634 I jank_cuj_events_end_request: [81,1755780060580662000,3963311966402,3963311966506]
08-21 08:41:45.780 30717 30717 I wm_on_restart_called: [248800747,com.termux.app.TermuxActivity,performRestart,0]
08-21 08:41:45.781 30717 30717 I wm_on_start_called: [248800747,com.termux.app.TermuxActivity,handleStartActivity,1]
08-21 08:41:45.783 30717 30717 I wm_on_resume_called: [248800747,com.termux.app.TermuxActivity,RESUME_ACTIVITY,3,0]
08-21 08:41:45.783 30717 30717 I wm_on_top_resumed_gained_called: [248800747,com.termux.app.TermuxActivity,topWhenResuming,0]
08-21 08:41:45.809 30717 30717 I viewroot_draw_event: [VRI[TermuxActivity],Start draw after previous draw not visible]
08-21 08:41:45.847 30717 30717 I viewroot_draw_event: [VRI[TermuxActivity],reportDrawFinished seqId=0]
08-21 08:41:47.439 30717 30717 I viewroot_draw_event: [VRI[PopupWindow:dc70f26],reportDrawFinished seqId=0]
08-21 08:41:47.465 30717 30717 I viewroot_draw_event: [VRI[PopupWindow:dc70f26],reportDrawFinished seqId=0]
08-21 08:41:47.909 30717 30717 I viewroot_draw_event: [VRI[PopupWindow:dc70f26],reportDrawFinished seqId=0]
08-21 08:41:47.916 30717 30717 I viewroot_draw_event: [VRI[PopupWindow:dc70f26],reportDrawFinished seqId=0]
08-21 08:41:50.802 14326 14326 I auditd  : type=1400 audit(0.0:1684): avc:  granted  { execute } for  comm="bash" name="logcat" dev="dm-63" ino=487999 scontext=u:r:untrusted_app_27:s0:c215,c257,c512,c768 tcontext=u:object_r:app_data_file:s0:c215,c257,c512,c768 tclass=file app=com.termux.tasker
08-21 08:41:50.802 14326 14326 I auditd  : type=1400 audit(0.0:1685): avc:  granted  { execute } for  comm="bash" name="dash" dev="dm-63" ino=512699 scontext=u:r:untrusted_app_27:s0:c215,c257,c512,c768 tcontext=u:object_r:app_data_file:s0:c215,c257,c512,c768 tclass=file app=com.termux.tasker
08-21 08:41:50.802 14326 14326 I auditd  : type=1400 audit(0.0:1686): avc:  granted  { execute_no_trans } for  comm="bash" path="/data/data/com.termux/files/usr/bin/dash" dev="dm-63" ino=512699 scontext=u:r:untrusted_app_27:s0:c215,c257,c512,c768 tcontext=u:object_r:app_data_file:s0:c215,c257,c512,c768 tclass=file app=com.termux.tasker
08-21 08:41:50.802 14326 14326 I auditd  : type=1400 audit(0.0:1687): avc:  granted  { execute } for  comm="sh" path="/data/data/com.termux/files/usr/bin/dash" dev="dm-63" ino=512699 scontext=u:r:untrusted_app_27:s0:c215,c257,c512,c768 tcontext=u:object_r:app_data_file:s0:c215,c257,c512,c768 tclass=file app=com.termux.tasker
08-21 08:41:50.802 14326 14326 I auditd  : type=1400 audit(0.0:1688): avc:  denied  { search } for  comm="sh" name="tests" dev="dm-63" ino=113 scontext=u:r:untrusted_app_27:s0:c215,c257,c512,c768 tcontext=u:object_r:shell_test_data_file:s0 tclass=dir permissive=0 app=com.termux.tasker
